// Jest Snapshot v1, https://goo.gl/fbAQLP

exports[`MonthlyAngleResults Tests should match the snapshot 1`] = `
<div>
  <div
    className="col-lg-2 leftMenu"
  >
    <ul
      className="graphlist"
    >
      <li
        className="graphLink"
      >
        <a
          href="results/angle#monthlyAngle"
        >
          results.graphicsLink.angle.en
        </a>
      </li>
      <li
        className="graphLink"
      >
        <a
          href="results/angle#monthlyTilt"
        >
          SuccessfulTilt.tiltMade.en
        </a>
      </li>
      <li
        className="graphLink"
      >
        <a
          href="results/angle#reduceSlidingRest"
        >
          monthlyResults.rest.en
        </a>
      </li>
    </ul>
  </div>
  <div
    className=" col-lg-10 offset-lg-2 results resultsContainer"
  >
    <div
      className="col-lg-8 offset-lg-1"
    >
      <div>
        <div>
          <Connect(MonthlyAngleDistribution)
            month="1"
          />
          <Connect(MonthlySuccessTilt)
            month="1"
          />
          <div>
            <div
              id="reduceSlidingMoving"
            >
              <GoalChart
                data={
                  Object {
                    "datasets": Array [
                      Object {
                        "borderColor": "red",
                        "data": Array [],
                        "fill": true,
                        "label": "monthlyResults.travel.successRate.en",
                        "lineTension": 0,
                      },
                    ],
                    "labels": Array [],
                  }
                }
                options={
                  Object {
                    "legend": Object {
                      "onClick": null,
                    },
                    "scales": Object {
                      "yAxes": Array [
                        Object {
                          "ticks": Object {
                            "callback": [Function],
                            "max": 100,
                            "min": 0,
                          },
                        },
                      ],
                    },
                    "tooltips": Object {
                      "callbacks": Object {
                        "label": [Function],
                      },
                    },
                  }
                }
                successMessage="monthlyResults.travel.success.en"
                title="monthlyResults.travel.en"
              />
            </div>
            <div
              id="reduceSlidingRest"
            >
              <GoalChart
                condition={true}
                data={
                  Object {
                    "datasets": Array [
                      Object {
                        "borderColor": "red",
                        "data": Array [],
                        "fill": true,
                        "label": "monthlyResults.travel.successRate.en",
                        "lineTension": 0,
                      },
                    ],
                    "labels": Array [],
                  }
                }
                options={
                  Object {
                    "legend": Object {
                      "onClick": null,
                    },
                    "scales": Object {
                      "yAxes": Array [
                        Object {
                          "ticks": Object {
                            "callback": [Function],
                            "max": 100,
                            "min": 0,
                          },
                        },
                      ],
                    },
                    "tooltips": Object {
                      "callbacks": Object {
                        "label": [Function],
                      },
                    },
                  }
                }
                successMessage="monthlyResults.rest.success.en"
                title="monthlyResults.rest.en"
              />
            </div>
          </div>
        </div>
      </div>
    </div>
  </div>
</div>
`;
